[www.fidelity.com/trading/overview.html]
[backblue.gif]
[fade.gif]
[index.html]
[www.fidelity.com/bin-public/060_www_fidelity_com/css/branches-qualtrics-inject.css]
[www.fidelity.com/bin-public/060_www_fidelity_com/js/app-head.min.js]
[www.fidelity.com/bin-public/060_www_fidelity_com/css/WF_Master-CSS.css]
[www.fidelity.com/bin-public/060_www_fidelity_com/css/fix-table-text-elements.css]
[www.fidelity.com/bin-public/060_www_fidelity_com/css/foundation-responsive-main.css]
[www.fidelity.com/bin-public/060_www_fidelity_com/css/nav-07.18.min.css]
[digital.fidelity.com/ctgw/digital/search/client/smartSuggest.css]
[www.fidelity.com/trading/advanced-trading-tools/active-trader-pro/overview.html]
[www.fidelity.com/bin-public/060_www_fidelity_com/images/icon/registration-symbol.png]
[www.fidelity.com/bin-public/060_www_fidelity_com/js/custom-elements-es5-adapter-v2210.js]
[digital.fidelity.com/ctgw/digital/search/client/smartSuggest.js]
[www.fidelity.com/bin-public/060_www_fidelity_com/js/nav-07.18.min.js]
[www.fidelity.com/bin-public/060_www_fidelity_com/images/css/closex_blk_big.gif]
[www.fidelity.com/trading/the-fidelity-account.html]
[www.fidelity.com/trading/active-trader.html]
[www.fidelity.com/trading/investment-choices/overview.html]
[www.fidelity.com/trading/platforms.html]
[www.fidelity.com/bin-public/060_www_fidelity_com/images/trading/trading-overview-2-1140x550_L.png]
[www.fidelity.com/bin-public/060_www_fidelity_com/images/trading/trading-overview-2-760x625_M.png]
[www.fidelity.com/bin-public/060_www_fidelity_com/images/trading/trading-overview-2-500x600_S.png]
[www.fidelity.com/bin-public/060_www_fidelity_com/images/trading/overview-1.png]
[www.fidelity.com/bin-public/060_www_fidelity_com/images/trading/overview-2.png]
[www.fidelity.com/bin-public/060_www_fidelity_com/images/trading/overview-4.png]
[www.fidelity.com/trading/mobile-trading.html]
[www.fidelity.com/bin-public/060_www_fidelity_com/images/trading/overview-5.png]
[www.fidelity.com/trading/trading-dashboard.html]
[www.fidelity.com/bin-public/060_www_fidelity_com/images/trading/atp-overview.png]
[www.fidelity.com/bin-public/060_www_fidelity_com/images/icon-images/basket-icons.png]
[www.fidelity.com/bin-public/060_www_fidelity_com/images/trading/overview-8.png]
[www.fidelity.com/bin-public/060_www_fidelity_com/images/trading/overview-7.png]
[www.fidelity.com/trading/fractional-shares.html]
[www.fidelity.com/trading/margin-loans/overview.html]
[www.fidelity.com/bin-public/060_www_fidelity_com/images/why-fidelity/NerdWallet-About.png]
[www.fidelity.com/bin-public/060_www_fidelity_com/images/why-fidelity/stockbrokers-new.png]
[www.fidelity.com/bin-public/060_www_fidelity_com/images/why-fidelity/investopedia-logo.png]
[www.fidelity.com/trading/compare-us.html]
[www.fidelity.com/bin-public/060_www_fidelity_com/css/fds/common-shared-prelogin-restyling.css]
[www.fidelity.com/bin-public/060_www_fidelity_com/css/fds/fds-restyling-investing-trading-prelogin.css]
[www.fidelity.com/bin-public/060_www_fidelity_com/css/in_page_nav_css_fix.css]
[www.fidelity.com/bin-public/060_www_fidelity_com/css/helios-bundle.min.css]
[www.fidelity.com/trading/commissions-margin-rates.html]
[www.fidelity.com/bin-public/060_www_fidelity_com/images/icon/FidCom_SocialIcons_0003_Instagram.png]
[www.fidelity.com/bin-public/060_www_fidelity_com/images/icon/FidCom_SocialIcons_0002_LinkedIn.png]
[www.fidelity.com/bin-public/060_www_fidelity_com/images/icon/FidCom_SocialIcons_0004_YouTube.png]
[www.fidelity.com/bin-public/060_www_fidelity_com/images/icon/FidCom_SocialIcons_0006_Reddit.png]
[www.fidelity.com/bin-public/060_www_fidelity_com/images/icon/FidCom_SocialIcons_0007_X.png]
[www.fidelity.com/bin-public/060_www_fidelity_com/images/icon/FidCom_SocialIcons_0000_Facebook.png]
[www.fidelity.com/bin-public/060_www_fidelity_com/images/tiktok icon.png]
[www.fidelity.com/bin-public/060_www_fidelity_com/images/icon/Discord-Logo-Color-1.png]
[www.fidelity.com/bin-public/060_www_fidelity_com/images/icon/fidelitymobile26x26.png]
[www.fidelity.com/bin-public/060_www_fidelity_com/images/icon/refer26x26.png]
[www.fidelity.com/bin-public/060_www_fidelity_com/images/Fidelity-footer-logo.png]
[www.fidelity.com/bin-public/060_www_fidelity_com/js/jquery-ui.min.js]
[www.fidelity.com/bin-public/060_www_fidelity_com/js/app-body.min.js]
[www.fidelity.com/bin-public/060_www_fidelity_com/js/form-validation.min.js]
[www.fidelity.com/bin-public/060_www_fidelity_com/js/branches-qualtrics-inject.js]
[www.fidelity.com/trading/overview.html]
[www.fidelity.com/bin-public/060_www_fidelity_com/css/branches-qualtrics-inject.css]
[www.fidelity.com/bin-public/060_www_fidelity_com/js/app-head.min.js]
[www.fidelity.com/bin-public/060_www_fidelity_com/images/css/popup.gif]
[www.fidelity.com/bin-public/060_www_fidelity_com/images/css/grey-pipe-sm.gif]
[www.fidelity.com/bin-public/060_www_fidelity_com/images/css/greenbulsq.gif]
[www.fidelity.com/bin-public/060_www_fidelity_com/images/css/em-dash.gif]
[www.fidelity.com/bin-public/060_www_fidelity_com/images/css/checkbox.png]
[www.fidelity.com/bin-public/060_www_fidelity_com/images/css/greencheck.gif]
[www.fidelity.com/bin-public/060_www_fidelity_com/images/css/lock-blue.jpg]
[www.fidelity.com/bin-public/060_www_fidelity_com/images/css/print.png]
[www.fidelity.com/bin-public/060_www_fidelity_com/images/css/email.png]
[www.fidelity.com/bin-public/060_www_fidelity_com/images/css/share_blue.gif]
[www.fidelity.com/bin-public/060_www_fidelity_com/images/css/email_sm_selected.gif]
[www.fidelity.com/bin-public/060_www_fidelity_com/images/css/error.gif]
[www.fidelity.com/bin-public/060_www_fidelity_com/images/css/confirm2.gif]
[www.fidelity.com/bin-public/060_www_fidelity_com/images/css/share_selected.gif]
[www.fidelity.com/bin-public/060_www_fidelity_com/images/css/facebook.gif]
[www.fidelity.com/bin-public/060_www_fidelity_com/images/css/twitter.gif]
[www.fidelity.com/bin-public/060_www_fidelity_com/images/css/linkedin.gif]
[www.fidelity.com/bin-public/060_www_fidelity_com/images/css/gplus-18.png]
[www.fidelity.com/bin-public/060_www_fidelity_com/images/lock_white.png]
[www.fidelity.com/bin-public/060_www_fidelity_com/css/foundation-responsive-main.css]
[www.fidelity.com/bin-public/060_www_fidelity_com/images/fidelity/overview_L.jpg]
[www.fidelity.com/bin-public/060_www_fidelity_com/images/fidelity/overview_M.jpg]
[www.fidelity.com/bin-public/060_www_fidelity_com/images/fidelity/overview_S.jpg]
[www.fidelity.com/bin-public/060_www_fidelity_com/images/fidelity/why-Guidance_L.jpg]
[www.fidelity.com/bin-public/060_www_fidelity_com/images/fidelity/why-Guidance_M.jpg]
[www.fidelity.com/bin-public/060_www_fidelity_com/images/fidelity/why-Guidance_S.jpg]
[www.fidelity.com/bin-public/060_www_fidelity_com/images/fidelity/why_Tools-bg.jpg]
[www.fidelity.com/bin-public/060_www_fidelity_com/images/fidelity/why-straightforward-pricing_L.png]
[www.fidelity.com/bin-public/060_www_fidelity_com/images/fidelity/why-straightforward-pricing_M.png]
[www.fidelity.com/bin-public/060_www_fidelity_com/images/fidelity/why-straightforward-pricing_S.png]
[www.fidelity.com/bin-public/060_www_fidelity_com/images/fidelity/why-Danoff_L.jpg]
[www.fidelity.com/bin-public/060_www_fidelity_com/images/fidelity/why-Danoff_M.jpg]
[www.fidelity.com/bin-public/060_www_fidelity_com/images/fidelity/why-Danoff_S.jpg]
[www.fidelity.com/bin-public/060_www_fidelity_com/images/fidelity/why-Security_L.jpg]
[www.fidelity.com/bin-public/060_www_fidelity_com/images/fidelity/why-Security_M.jpg]
[www.fidelity.com/bin-public/060_www_fidelity_com/images/fidelity/why-Security_S.jpg]
[www.fidelity.com/bin-public/060_www_fidelity_com/css/WF_Master-CSS.css]
[www.fidelity.com/bin-public/060_www_fidelity_com/css/fix-table-text-elements.css]
[www.fidelity.com/bin-public/060_www_fidelity_com/images/lock_grey.gif]
[www.fidelity.com/bin-public/060_www_fidelity_com/images/nav-desktop-logo.png]
[www.fidelity.com/bin-public/060_www_fidelity_com/images/nav_search_btn.png]
[www.fidelity.com/bin-public/060_www_fidelity_com/images/nav_main_btn.png]
[www.fidelity.com/bin-public/060_www_fidelity_com/images/nav_rect.png]
[www.fidelity.com/bin-public/060_www_fidelity_com/css/nav-07.18.min.css]
[digital.fidelity.com/ctgw/digital/search/client/smartSuggest.css]
[www.fidelity.com/webcontent/videoContent/latest/css/videoPlayer.css]
[www.fidelity.com/webcontent/videoContent/latest/pdk/tpPdk.js]
[www.fidelity.com/webcontent/videoContent/latest/js/video.js]
[www.fidelity.com/webcontent/videoContent/latest/js/flash.js]
[www.fidelity.com/trading/advanced-trading-tools/overview.html]
[www.fidelity.com/bin-public/060_www_fidelity_com/images/trading/beta-layouts-monitor-support.png]
[www.fidelity.com/bin-public/060_www_fidelity_com/images/trading/beta-faster-trading.png]
[www.fidelity.com/bin-public/060_www_fidelity_com/images/trading/beta-chart-indicators.png]
[www.fidelity.com/bin-public/060_www_fidelity_com/images/trading/beta-saved-orders.png]
[www.fidelity.com/bin-public/060_www_fidelity_com/images/trading/beta-level-2.png]
[www.fidelity.com/bin-public/060_www_fidelity_com/images/trading/beta-set-and-manage-alerts.png]
[www.fidelity.com/bin-public/060_www_fidelity_com/images/trading/beta-navigation.png]
[www.fidelity.com/bin-public/060_www_fidelity_com/images/trading/beta-linking.png]
[www.fidelity.com/bin-public/060_www_fidelity_com/images/trading/beta-craft-execute-complex-orders.png]
[www.fidelity.com/bin-public/060_www_fidelity_com/images/trading/beta-option-chain.png]
[www.fidelity.com/bin-public/060_www_fidelity_com/images/trading/beta-pl-calc.png]
[www.fidelity.com/bin-public/060_www_fidelity_com/images/trading/tablets.png]
[www.fidelity.com/bin-public/060_www_fidelity_com/images/mobile/flagship-mobilescreen.png]
[www.fidelity.com/trading/advanced-trading-tools/active-trader-pro/system-requirements.html]
[www.fidelity.com/bin-public/060_www_fidelity_com/images/mobile/mobile-overview-app-QR.png]
[www.fidelity.com/trading/advanced-trading-tools/active-trader-pro/overview.html]
[www.fidelity.com/bin-public/060_www_fidelity_com/js/custom-elements-es5-adapter-v2210.js]
[www.fidelity.com/bin-public/060_www_fidelity_com/js/nav-07.18.min.js]
[www.fidelity.com/bin-public/060_www_fidelity_com/css/foundation-responsive-toc-main.css]
[www.fidelity.com/trading/active-trader-trading-service-levels.html]
[www.fidelity.com/trading/fully-paid-lending.html]
[www.fidelity.com/trading/faqs-getting-started.html]
[www.fidelity.com/trading/online-trading.html]
[www.fidelity.com/trading/execution-quality/overview.html]
[www.fidelity.com/bin-public/060_www_fidelity_com/images/trading/fidelity-account-hero_L.png]
[www.fidelity.com/bin-public/060_www_fidelity_com/images/trading/fidelity-account-hero_M.png]
[www.fidelity.com/bin-public/060_www_fidelity_com/images/trading/fidelity-account-hero_S.png]
[www.fidelity.com/bin-public/060_www_fidelity_com/images/icon-images/phone-hand-hold-green.png]
[www.fidelity.com/bin-public/060_www_fidelity_com/images/icon-images/zero-dollars-green.png]
[www.fidelity.com/bin-public/060_www_fidelity_com/images/icon-images/analytics-graph-bar-green.png]
[www.fidelity.com/bin-public/060_www_fidelity_com/images/icon-images/analytics-pie-green.png]
[www.fidelity.com/trading/investment-choices/international-investments.html]
[www.fidelity.com/bin-public/060_www_fidelity_com/images/trading/mobile-app-trading-screen_3x.png]
[www.fidelity.com/bin-public/060_www_fidelity_com/images/fidelity/fidelity-account_app-download_qr-code.png]
[www.fidelity.com/bin-public/060_www_fidelity_com/images/icon/call_118x72.png]
[www.fidelity.com/bin-public/060_www_fidelity_com/images/icon/chat-bubble-black.png]
[www.fidelity.com/trading/the-fidelity-account.html]
[www.fidelity.com/bin-public/060_www_fidelity_com/js/co-browsing.js]
[www.fidelity.com/bin-public/060_www_fidelity_com/images/trading/advance-hero-L.png]
[www.fidelity.com/bin-public/060_www_fidelity_com/images/trading/advance-hero-M.png]
[www.fidelity.com/bin-public/060_www_fidelity_com/images/trading/advance-hero-S.png]
[www.fidelity.com/trading/active-tradere912.html]
[www.fidelity.com/bin-public/060_www_fidelity_com/images/trading/command-central.png]
[www.fidelity.com/bin-public/060_www_fidelity_com/images/trading/options-trading.png]
[www.fidelity.com/bin-public/060_www_fidelity_com/images/trading/margin-trading.png]
[www.fidelity.com/bin-public/060_www_fidelity_com/images/trading/research-analysis.png]
[www.fidelity.com/bin-public/060_www_fidelity_com/images/trading/webinars.png]
[www.fidelity.com/bin-public/060_www_fidelity_com/images/trading/marketsense.png]
[www.fidelity.com/bin-public/060_www_fidelity_com/images/trading/coaching.png]
[www.fidelity.com/bin-public/060_www_fidelity_com/images/trading/atp-new.png]
[www.fidelity.com/bin-public/060_www_fidelity_com/images/trading/trading-dashboard.png]
[www.fidelity.com/bin-public/060_www_fidelity_com/images/trading/mobile.png]
[www.fidelity.com/bin-public/060_www_fidelity_com/images/trading/dotcom-new.png]
[www.fidelity.com/bin-public/060_www_fidelity_com/images/trading/in-the-money.png]
[www.fidelity.com/bin-public/060_www_fidelity_com/images/trading/services.png]
[www.fidelity.com/bin-public/060_www_fidelity_com/images/women-planning/save-spend_why-fidelity.png]
[www.fidelity.com/bin-public/060_www_fidelity_com/images/fidelity/laptop_foundation.png]
[www.fidelity.com/bin-public/060_www_fidelity_com/images/fidelity/form_foundation.png]
[www.fidelity.com/trading/active-trader.html]
[www.fidelity.com/bin-public/060_www_fidelity_com/images/trading/choices-hero-L.png]
[www.fidelity.com/bin-public/060_www_fidelity_com/images/trading/choices-hero-M.png]
[www.fidelity.com/bin-public/060_www_fidelity_com/images/trading/choices-hero-S.png]
[www.fidelity.com/bin-public/060_www_fidelity_com/images/fidelity/lock_green.gif]
[www.fidelity.com/trading/investment-choices/gold-silver-platinum.html]
[www.fidelity.com/trading/recurring-investments.html]
[www.fidelity.com/bin-public/060_www_fidelity_com/images/trading/industry-research.png]
[www.fidelity.com/bin-public/060_www_fidelity_com/images/trading/add-money.png]
[www.fidelity.com/bin-public/060_www_fidelity_com/images/trading/transfer.png]
[www.fidelity.com/trading/investment-choices/overview.html]
[www.fidelity.com/bin-public/060_www_fidelity_com/images/trading/mobile-platforms.png]
[www.fidelity.com/bin-public/060_www_fidelity_com/images/trading/dotcom.png]
[www.fidelity.com/bin-public/060_www_fidelity_com/images/trading/dash.png]
[www.fidelity.com/bin-public/060_www_fidelity_com/images/trading/atp.png]
[www.fidelity.com/trading/platforms.html]
[www.fidelity.com/bin-public/060_www_fidelity_com/images/fidelity/MobileTrading_Hero_Lrg2.png]
[www.fidelity.com/bin-public/060_www_fidelity_com/images/fidelity/MobileTrading_Hero_Med-2.png]
[www.fidelity.com/bin-public/060_www_fidelity_com/images/fidelity/MobileTrading_Hero_Sml-2.png]
[www.fidelity.com/bin-public/060_www_fidelity_com/images/fidelity/Sherwood AO_QR-code.png]
[www.fidelity.com/bin-public/060_www_fidelity_com/images/fidelity/watch.png]
[www.fidelity.com/bin-public/060_www_fidelity_com/images/fidelity/started_icon.png]
[www.fidelity.com/trading/how-to-place-a-trade-video.html]
[www.fidelity.com/bin-public/060_www_fidelity_com/images/fidelity/videoplay_icon.png]
[www.fidelity.com/bin-public/060_www_fidelity_com/images/fidelity/open_icon.png]
[www.fidelity.com/bin-public/060_www_fidelity_com/images/why-fidelity/nerdwallet_200x34.png]
[www.fidelity.com/bin-public/060_www_fidelity_com/images/why-fidelity/stockbrokers_206x110.png]
[www.fidelity.com/bin-public/060_www_fidelity_com/images/why-fidelity/kiplinger_200x110.png]
[www.fidelity.com/bin-public/060_www_fidelity_com/images/LandingZones/ibd-2025.png]
[www.fidelity.com/bin-public/060_www_fidelity_com/images/LandingZones/48049-investors-business-daily-logo_350x260_greyrule.png]
[www.fidelity.com/bin-public/060_www_fidelity_com/images/why-fidelity/investopedia_200x34.png]
[www.fidelity.com/bin-public/060_www_fidelity_com/images/fidelity/7020_Fidelity_Rewards_V_Sig_NoName_Transp.png]
[www.fidelity.com/bin-public/060_www_fidelity_com/images/advice-planning/call_sm.png]
[www.fidelity.com/bin-public/060_www_fidelity_com/images/advice-planning/chat_sm.png]
[www.fidelity.com/trading/mobile-trading.html]
[www.fidelity.com/bin-public/060_www_fidelity_com/images/trading/dashboard-hero-L.png]
[www.fidelity.com/bin-public/060_www_fidelity_com/images/trading/dashboard-hero-M.jpg]
[www.fidelity.com/bin-public/060_www_fidelity_com/images/trading/dashboard-hero-S.jpg]
[www.fidelity.com/bin-public/060_www_fidelity_com/images/trading/trade-from-chart.gif]
[www.fidelity.com/bin-public/060_www_fidelity_com/images/trading/execute-trades.png]
[www.fidelity.com/bin-public/060_www_fidelity_com/images/trading/unlock-hidden-options-strategies.png]
[www.fidelity.com/bin-public/060_www_fidelity_com/images/trading/watchlist.png]
[www.fidelity.com/bin-public/060_www_fidelity_com/images/trading/alerts.png]
[www.fidelity.com/bin-public/060_www_fidelity_com/images/trading/td-nav.gif]
[www.fidelity.com/trading/trading-dashboard-video.html]
[www.fidelity.com/bin-public/060_www_fidelity_com/images/trading/video-thumbnail.png]
[www.fidelity.com/trading/trading-dashboard.html]
[www.fidelity.com/bin-public/060_www_fidelity_com/images/trading/Fractional_Large.png]
[www.fidelity.com/bin-public/060_www_fidelity_com/images/trading/Fractional_Medium.png]
[www.fidelity.com/bin-public/060_www_fidelity_com/images/trading/Fractional_Small.jpg]
[www.fidelity.com/bin-public/060_www_fidelity_com/js/Highcharts-10.0.0.js]
[www.fidelity.com/bin-public/060_www_fidelity_com/prometheus-pattern-library/beta/js/scripts.js]
[www.fidelity.com/bin-public/060_www_fidelity_com/prometheus-pattern-library/beta/css/styles.css]
[www.fidelity.com/bin-public/060_www_fidelity_com/images/trading/PowerOfFractions.png]
[www.fidelity.com/bin-public/060_www_fidelity_com/images/trading/Mobile-phone.jpg]
[www.fidelity.com/trading/fractional-shares.html]
[www.fidelity.com/bin-public/060_www_fidelity_com/images/trading/margin_loans-hero_L.jpg]
[www.fidelity.com/bin-public/060_www_fidelity_com/images/trading/margin_loans-hero_M.jpg]
[www.fidelity.com/bin-public/060_www_fidelity_com/images/trading/margin_loans-hero_S.jpg]
[www.fidelity.com/trading/margin-loans/margin-borrowing.html]
[www.fidelity.com/trading/margin-loans/margin-trading.html]
[www.fidelity.com/trading/margin-loans/margin-rates.html]
[www.fidelity.com/trading/margin-loans/how-it-works.html]
[www.fidelity.com/bin-public/060_www_fidelity_com/images/icon/bonds_range_70x76.png]
[www.fidelity.com/bin-public/060_www_fidelity_com/images/icon/coin_in-hand-green_71-68.png]
[www.fidelity.com/trading/faqs-margin.html]
[www.fidelity.com/bin-public/060_www_fidelity_com/images/icon/next-step_learn.png]
[www.fidelity.com/bin-public/060_www_fidelity_com/css/margin-loans_nav.css]
[www.fidelity.com/trading/margin-loans/overview.html]
[www.fidelity.com/bin-public/060_www_fidelity_com/images/why-fidelity/white-check-new.png]
[www.fidelity.com/bin-public/060_www_fidelity_com/images/fidelity/gray_check.png]
[www.fidelity.com/trading/compare-us.html]
[www.fidelity.com/bin-public/060_www_fidelity_com/css/fds/common-shared-prelogin-restyling.css]
[www.fidelity.com/bin-public/060_www_fidelity_com/css/fds/fds-restyling-investing-trading-prelogin.css]
[www.fidelity.com/bin-public/060_www_fidelity_com/css/in_page_nav_css_fix.css]
[www.fidelity.com/bin-public/060_www_fidelity_com/css/helios-bundle.min.css]
[www.fidelity.com/bin-public/060_www_fidelity_com/images/fidelity/magnifying-glass-no-padding.png]
[www.fidelity.com/bin-public/060_www_fidelity_com/images/fidelity/Accounts_Laptop.png]
[www.fidelity.com/bin-public/060_www_fidelity_com/images/fidelity/compare.png]
[www.fidelity.com/bin-public/060_www_fidelity_com/images/lock_green.gif]
[www.fidelity.com/trading/commissions-margin-rates.html]
[www.fidelity.com/bin-public/060_www_fidelity_com/js/jquery-ui.min.js]
[www.fidelity.com/bin-public/060_www_fidelity_com/images/css/fidelityDotBlack.gif]
[www.fidelity.com/bin-public/060_www_fidelity_com/css/print.css]
[www.fidelity.com/bin-public/060_www_fidelity_com/js/app-body.min.js]
[www.fidelity.com/bin-public/060_www_fidelity_com/js/form-validation.min.js]
[www.fidelity.com/bin-public/060_www_fidelity_com/js/branches-qualtrics-inject.js]
[www.fidelity.com/webcontent/videoContent/latest/css/videoPlayer.css]
[www.fidelity.com/trading/advanced-trading-tools/overview.html]
[www.fidelity.com/trading/advanced-trading-tools/active-trader-pro/system-requirements.html]
[www.fidelity.com/trading/gecko/index.html]
[www.fidelity.com/trading/applewebkit/index.html]
[www.fidelity.com/trading/mozilla/index.html]
[www.fidelity.com/trading/faqs-order-types.html]
[www.fidelity.com/bin-public/060_www_fidelity_com/css/foundation-responsive-toc-main.css]
[www.fidelity.com/bin-public/060_www_fidelity_com/images/fidelity/call_mobile-phone.png]
[www.fidelity.com/trading/active-trader-trading-service-levels.html]
[www.fidelity.com/bin-public/060_www_fidelity_com/images/mutual-funds/full_paid_lending_hero_image_L.jpg]
[www.fidelity.com/bin-public/060_www_fidelity_com/images/mutual-funds/full_paid_lending_hero_image_M.jpg]
[www.fidelity.com/bin-public/060_www_fidelity_com/images/mutual-funds/full_paid_lending_hero_image_S.jpg]
[www.fidelity.com/bin-public/060_www_fidelity_com/images/icon-images/checkmark_1x.png]
[www.fidelity.com/bin-public/060_www_fidelity_com/images/icon-images/icon_sign_up_1x.png]
[www.fidelity.com/bin-public/060_www_fidelity_com/images/icon-images/icon_lend_1x.png]
[www.fidelity.com/bin-public/060_www_fidelity_com/images/icon-images/icon_earn_1x.png]
[www.fidelity.com/bin-public/060_www_fidelity_com/images/mutual-funds/hypothetical_table_2x.png]
[www.fidelity.com/trading/fully-paid-lending.html]
[www.fidelity.com/trading/faqs-about-account.html]
[www.fidelity.com/trading/faqs-placing-orders.html]
[www.fidelity.com/trading/faqs-trading-restrictions.html]
[www.fidelity.com/trading/faqs-getting-started.html]
[www.fidelity.com/trading/advanced-trading-tools/active-trader-pro/faqs.html]
[www.fidelity.com/bin-public/060_www_fidelity_com/images/fidelity/offers-award-bob.png]
[www.fidelity.com/bin-public/060_www_fidelity_com/images/fidelity/laptop.png]
[www.fidelity.com/trading/online-trading.html]
[www.fidelity.com/bin-public/060_www_fidelity_com/images/trading/icon_we_save_you_money.png]
[www.fidelity.com/bin-public/060_www_fidelity_com/images/trading/icon_we_show_your_savings.png]
[www.fidelity.com/bin-public/060_www_fidelity_com/images/trading/icon_we_share_for_industry_comparison.png]
[www.fidelity.com/bin-public/060_www_fidelity_com/images/fidelity/average-price-improvement.png]
[www.fidelity.com/bin-public/060_www_fidelity_com/images/trading/icon_price_improvement.png]
[www.fidelity.com/bin-public/060_www_fidelity_com/images/trading/icon_execution_price.png]
[www.fidelity.com/bin-public/060_www_fidelity_com/images/trading/icon_execution_speed.png]
[www.fidelity.com/bin-public/060_www_fidelity_com/images/trading/icon_effective_spread.png]
[www.fidelity.com/bin-public/060_www_fidelity_com/images/fidelity/execution_speed_NFS_NASDAQ.png]
[www.fidelity.com/bin-public/060_www_fidelity_com/images/fidelity/execution_speed_listed.png]
[www.fidelity.com/bin-public/060_www_fidelity_com/images/fidelity/effective-spread-nasdaq.png]
[www.fidelity.com/bin-public/060_www_fidelity_com/images/fidelity/effective-spread-overall.png]
[www.fidelity.com/bin-public/060_www_fidelity_com/images/fidelity/effective_spread.png]
[www.fidelity.com/trading/execution-quality/sec-rule-606-quarterly-reporting.html]
[www.fidelity.com/bin-public/060_www_fidelity_com/images/fidelity/execution-qa-order-status.png]
[www.fidelity.com/bin-public/060_www_fidelity_com/images/fidelity/execution-price-improvement.png]
[www.fidelity.com/trading/execution-quality/overview.html]
[www.fidelity.com/bin-public/060_www_fidelity_com/images/fidelity/flags_horz.png]
[www.fidelity.com/trading/investment-choices/international-investments.html]
[www.fidelity.com/bin-public/060_www_fidelity_com/js/co-browsing.js]
[www.fidelity.com/trading/active-tradere912.html]
[www.fidelity.com/bin-public/060_www_fidelity_com/images/fidelity/goldAmBuff.png]
[www.fidelity.com/bin-public/060_www_fidelity_com/images/fidelity/goldAmEagle.png]
[www.fidelity.com/bin-public/060_www_fidelity_com/images/fidelity/goldAusKanga.png]
[www.fidelity.com/bin-public/060_www_fidelity_com/images/fidelity/goldAusPhil.png]
[www.fidelity.com/bin-public/060_www_fidelity_com/images/fidelity/goldCanMaple.png]
[www.fidelity.com/bin-public/060_www_fidelity_com/images/fidelity/goldSAfrKruger.png]
[www.fidelity.com/bin-public/060_www_fidelity_com/images/fidelity/goldBars.png]
[www.fidelity.com/bin-public/060_www_fidelity_com/images/fidelity/silverAmEagle.png]
[www.fidelity.com/bin-public/060_www_fidelity_com/images/fidelity/silverAusKooka.png]
[www.fidelity.com/bin-public/060_www_fidelity_com/images/fidelity/silverCanMaple.png]
[www.fidelity.com/bin-public/060_www_fidelity_com/images/fidelity/silverBullBars.png]
[www.fidelity.com/bin-public/060_www_fidelity_com/images/fidelity/platinumAmEagle.png]
[www.fidelity.com/bin-public/060_www_fidelity_com/images/fidelity/platinumCanMaple.png]
[www.fidelity.com/bin-public/060_www_fidelity_com/images/fidelity/platinumBullBar.png]
[www.fidelity.com/bin-public/060_www_fidelity_com/images/fidelity/palladiumCanMaple.png]
[www.fidelity.com/bin-public/060_www_fidelity_com/images/fidelity/palladiumBullBar.png]
[www.fidelity.com/trading/investment-choices/gold-silver-platinum.html]
[www.fidelity.com/bin-public/060_www_fidelity_com/images/trading/recurring-heroL.png]
[www.fidelity.com/bin-public/060_www_fidelity_com/images/trading/recurring-heroM.png]
[www.fidelity.com/bin-public/060_www_fidelity_com/images/trading/recurring-heroS.png]
[www.fidelity.com/bin-public/060_www_fidelity_com/images/trading/multi-screenshot-recurring-investing.png]
[www.fidelity.com/bin-public/060_www_fidelity_com/images/trading/screenshot-recurring-activity.png]
[www.fidelity.com/bin-public/060_www_fidelity_com/images/trading/manage-risk-dca.png]
[www.fidelity.com/bin-public/060_www_fidelity_com/images/trading/screenshot-rebalance-basket.png]
[www.fidelity.com/bin-public/060_www_fidelity_com/images/women-planning/save-spend_tag.png]
[www.fidelity.com/bin-public/060_www_fidelity_com/images/women-planning/save-spend_help.png]
[www.fidelity.com/bin-public/060_www_fidelity_com/images/women-planning/save-spend_solution.png]
[www.fidelity.com/bin-public/060_www_fidelity_com/css/helios-expand-collapse.css]
[www.fidelity.com/bin-public/060_www_fidelity_com/css/helios-buttons.css]
[www.fidelity.com/trading/recurring-investments.html]
[www.fidelity.com/bin-public/060_www_fidelity_com/images/fidelity-logo-nav.png]
[www.fidelity.com/rct/2.0.0/dojo/dojo/dojo.xd.js]
[www.fidelity.com/rct/2.0.0/rct-ui/rct-ui.js]
[www.fidelity.com/trading/how-to-place-a-trade-video.html]
[www.fidelity.com/bin-public/060_www_fidelity_com/css/responsive-main.css]
[www.fidelity.com/bin-public/060_www_fidelity_com/js/script_dynamic.js]
[www.fidelity.com/bin-public/060_www_fidelity_com/css/vid_styles4.css]
[www.fidelity.com/bin-public/060_www_fidelity_com/css/video-js.css]
[www.fidelity.com/bin-public/060_www_fidelity_com/providence/code/pvd3/js/custom-elements-es5-adapter.js]
[www.fidelity.com/bin-public/060_www_fidelity_com/providence/code/pvd3/js/webcomponents-bundle.js]
[www.fidelity.com/bin-public/060_www_fidelity_com/providence/code/pvd3/js/polyfills.min.js]
[www.fidelity.com/bin-public/060_www_fidelity_com/providence/code/pvd3/js/pvd.min.js]
[www.fidelity.com/bin-public/060_www_fidelity_com/js/video.min.js]
[www.fidelity.com/bin-public/060_www_fidelity_com/js/videojs.hotkeys.min.js]
[www.fidelity.com/bin-public/060_www_fidelity_com/js/vid-custom.js]
[www.fidelity.com/trading/trading-dashboard-video.html]
[www.fidelity.com/bin-public/060_www_fidelity_com/js/Highcharts-10.0.0.js]
[www.fidelity.com/bin-public/060_www_fidelity_com/prometheus-pattern-library/beta/js/scripts.js]
[www.fidelity.com/bin-public/060_www_fidelity_com/prometheus-pattern-library/beta/css/styles.css]
[www.fidelity.com/bin-public/060_www_fidelity_com/images/icon/icon_real_estate.png]
[www.fidelity.com/bin-public/060_www_fidelity_com/images/icon/icon_large_purchase.png]
[www.fidelity.com/bin-public/060_www_fidelity_com/images/icon/icon_liquidity.png]
[www.fidelity.com/trading/margin-loans/margin-borrowing.html]
[www.fidelity.com/bin-public/060_www_fidelity_com/images/trading/screenshot_margin_calculator.png]
[www.fidelity.com/bin-public/060_www_fidelity_com/images/trading/screenshot_margin_alerts.png]
[www.fidelity.com/bin-public/060_www_fidelity_com/images/trading/thumbnail_leverage_margin_accounts.png]
[www.fidelity.com/bin-public/060_www_fidelity_com/images/trading/thumbnail_leverage_risk.png]
[www.fidelity.com/trading/margin-loans/margin-trading.html]
[www.fidelity.com/trading/margin-loans/margin-rates.html]
[www.fidelity.com/bin-public/060_www_fidelity_com/images/trading/screenshot_viewing_balance.png]
[www.fidelity.com/bin-public/060_www_fidelity_com/images/trading/chart_margin_example.png]
[www.fidelity.com/trading/margin-loans/how-it-works.html]
[www.fidelity.com/bin-public/060_www_fidelity_com/images/FAQs/Trading cash trading margin.png]
[www.fidelity.com/bin-public/060_www_fidelity_com/images/FAQs/Diversified.png]
[www.fidelity.com/bin-public/060_www_fidelity_com/images/FAQs/Non-Diversified.png]
[www.fidelity.com/trading/faqs-margin.html]
[www.fidelity.com/bin-public/060_www_fidelity_com/css/margin-loans_nav.css]
[www.fidelity.com/bin-public/060_www_fidelity_com/css/print.css]
[www.fidelity.com/trading/GET.html]
[www.fidelity.com/trading/window.location.html]
[www.fidelity.com/bin-public/060_www_fidelity_com/images/fidelity/trailing_stop.png]
[www.fidelity.com/bin-public/060_www_fidelity_com/images/fidelity/contingent.png]
[www.fidelity.com/bin-public/060_www_fidelity_com/images/fidelity/one_triggers.png]
[www.fidelity.com/bin-public/060_www_fidelity_com/images/fidelity/one_cancels.png]
[www.fidelity.com/bin-public/060_www_fidelity_com/images/fidelity/One-Triggers-Cancel-Other.png]
[www.fidelity.com/bin-public/060_www_fidelity_com/images/fidelity/short_selling.png]
[www.fidelity.com/trading/faqs-order-types.html]
[www.fidelity.com/bin-public/060_www_fidelity_com/images/fidelity/CoreAccount.png]
[www.fidelity.com/trading/faqs-about-account.html]
[www.fidelity.com/bin-public/060_www_fidelity_com/images/fidelity/stocks-how-do-i-place-order.png]
[www.fidelity.com/bin-public/060_www_fidelity_com/images/fidelity/stocks-how-do-i-preview-order.png]
[www.fidelity.com/bin-public/060_www_fidelity_com/images/fidelity/stocks-how-is-order-confirmed.png]
[www.fidelity.com/bin-public/060_www_fidelity_com/images/fidelity/stocks-how-is-order-confirmed2.png]
[www.fidelity.com/bin-public/060_www_fidelity_com/images/fidelity/mf-how-do-i-place-trade.png]
[www.fidelity.com/bin-public/060_www_fidelity_com/images/fidelity/mf-how-do-i-preview-order.png]
[www.fidelity.com/bin-public/060_www_fidelity_com/images/fidelity/mf-how-is-order-confirmed.png]
[www.fidelity.com/bin-public/060_www_fidelity_com/images/fidelity/mf-how-do-i-cancel-order-dashboard.png]
[www.fidelity.com/bin-public/060_www_fidelity_com/images/fidelity/mf-how-do-i-cancel-order-confirmation.png]
[www.fidelity.com/trading/faqs-placing-orders.html]
[www.fidelity.com/trading/faqs-trading-restrictions.html]
[www.fidelity.com/trading/advanced-trading-tools/active-trader-pro/faqs.html]
[www.fidelity.com/trading/advanced-trading-tools/active-trader-pro/faqs-desktop.html]
[www.fidelity.com/trading/execution-quality/sec-rule-606-quarterly-reporting.html]
[www.fidelity.com/bin-public/060_www_fidelity_com/css/helios-expand-collapse.css]
[www.fidelity.com/bin-public/060_www_fidelity_com/css/helios-buttons.css]
[www.fidelity.com/bin-public/060_www_fidelity_com/css/responsive-main.css]
[www.fidelity.com/bin-public/060_www_fidelity_com/js/script_dynamic.js]
[www.fidelity.com/bin-public/600_Fidelity_Com_English/images/article/download-icon.png]
[www.fidelity.com/bin-public/060_www_fidelity_com/css/vid_styles4.css]
[www.fidelity.com/bin-public/060_www_fidelity_com/css/video-js.css]
[www.fidelity.com/bin-public/060_www_fidelity_com/providence/code/pvd3/js/custom-elements-es5-adapter.js]
[www.fidelity.com/bin-public/060_www_fidelity_com/providence/code/pvd3/js/webcomponents-bundle.js]
[www.fidelity.com/bin-public/060_www_fidelity_com/providence/code/pvd3/js/polyfills.min.js]
[www.fidelity.com/bin-public/060_www_fidelity_com/providence/code/pvd3/js/pvd.min.js]
[www.fidelity.com/bin-public/060_www_fidelity_com/js/video.min.js]
[www.fidelity.com/bin-public/060_www_fidelity_com/js/videojs.hotkeys.min.js]
[www.fidelity.com/bin-public/060_www_fidelity_com/js/vid-custom.js]
[www.fidelity.com/trading/Core/Globals.html]
[www.fidelity.com/trading/Firefox/index.html]
[www.fidelity.com/trading/Core/Utilities.html]
[www.fidelity.com/trading/Core/Chart/ChartDefaults.html]
[www.fidelity.com/trading/Core/Color/Color.html]
[www.fidelity.com/trading/Core/Color/Palettes.html]
[www.fidelity.com/trading/Core/Time.html]
[www.fidelity.com/trading/Core/DefaultOptions.html]
[www.fidelity.com/trading/Core/Animation/Fx.html]
[www.fidelity.com/trading/Core/Animation/AnimationUtilities.html]
[www.fidelity.com/trading/Core/Renderer/HTML/AST.html]
[www.fidelity.com/trading/Core/FormatUtilities.html]
[www.fidelity.com/trading/Core/Renderer/RendererUtilities.html]
[www.fidelity.com/trading/Core/Renderer/SVG/SVGElement.html]
[www.fidelity.com/trading/Core/Renderer/RendererRegistry.html]
[www.fidelity.com/trading/Core/Renderer/SVG/SVGLabel.html]
[www.fidelity.com/trading/Core/Renderer/SVG/Symbols.html]
[www.fidelity.com/trading/Core/Renderer/SVG/TextBuilder.html]
[www.fidelity.com/trading/Core/Renderer/SVG/SVGRenderer.html]
[www.fidelity.com/trading/Core/Renderer/HTML/HTMLElement.html]
[www.fidelity.com/trading/Core/Renderer/HTML/HTMLRenderer.html]
[www.fidelity.com/trading/Core/Axis/AxisDefaults.html]
[www.fidelity.com/trading/Core/Foundation.html]
[www.fidelity.com/trading/Core/Axis/Tick.html]
[www.fidelity.com/trading/Core/Axis/Axis.html]
[www.fidelity.com/trading/Core/Axis/DateTimeAxis.html]
[www.fidelity.com/trading/Core/Axis/LogarithmicAxis.html]
[www.fidelity.com/trading/Core/Axis/PlotLineOrBand/PlotLineOrBandAxis.html]
[www.fidelity.com/trading/Core/Axis/PlotLineOrBand/PlotLineOrBand.html]
[www.fidelity.com/trading/Core/Tooltip.html]
[www.fidelity.com/trading/Core/Series/Point.html]
[www.fidelity.com/trading/Core/Pointer.html]
[www.fidelity.com/trading/Core/MSPointer.html]
[www.fidelity.com/trading/Core/Legend/Legend.html]
[www.fidelity.com/trading/Core/Series/SeriesRegistry.html]
[www.fidelity.com/trading/Core/Chart/Chart.html]
[www.fidelity.com/trading/Core/Legend/LegendSymbol.html]
[www.fidelity.com/trading/Core/Series/SeriesDefaults.html]
[www.fidelity.com/trading/Core/Series/Series.html]
[www.fidelity.com/trading/Extensions/ScrollablePlotArea.html]
[www.fidelity.com/trading/Core/Axis/StackingAxis.html]
[www.fidelity.com/trading/Extensions/Stacking.html]
[www.fidelity.com/trading/Series/Line/LineSeries.html]
[www.fidelity.com/trading/Series/Area/AreaSeries.html]
[www.fidelity.com/trading/Series/Spline/SplineSeries.html]
[www.fidelity.com/trading/Series/AreaSpline/AreaSplineSeries.html]
[www.fidelity.com/trading/Series/Column/ColumnSeries.html]
[www.fidelity.com/trading/Core/Series/DataLabel.html]
[www.fidelity.com/trading/Series/Column/ColumnDataLabel.html]
[www.fidelity.com/trading/Series/Bar/BarSeries.html]
[www.fidelity.com/trading/Series/Scatter/ScatterSeries.html]
[www.fidelity.com/trading/Series/CenteredUtilities.html]
[www.fidelity.com/trading/Series/Pie/PiePoint.html]
[www.fidelity.com/trading/Series/Pie/PieSeries.html]
[www.fidelity.com/trading/Series/Pie/PieDataLabel.html]
[www.fidelity.com/trading/Extensions/OverlappingDataLabels.html]
[www.fidelity.com/trading/Core/Responsive.html]
[www.fidelity.com/trading/masters/highcharts.src.html]
[www.fidelity.com/trading/advanced-trading-tools/active-trader-pro/faqs-desktop.html]
[www.fidelity.com/trading/decrypter-worker.worker.html]
[www.fidelity.com/trading/video.html]
[www.fidelity.com/trading/qlVTIC/index.html]
